wrote profile of 240 bytes (allocated 240 bytes)
Hello from main!
Hello from lib!
